Berhasil terhubung ke database!
[GIN-debug] [WARNING] Creating an Engine instance with the Logger and Recovery middleware already attached.

[GIN-debug] [WARNING] Running in "debug" mode. Switch to "release" mode in production.
 - using env:	export GIN_MODE=release
 - using code:	gin.SetMode(gin.ReleaseMode)

[GIN-debug] GET    /.well-known/appspecific/com.chrome.devtools.json --> koperasi-simpan-pinjam/routes.SetupRouter.func1 (3 handlers)
[GIN-debug] GET    /static/*filepath         --> github.com/gin-gonic/gin.(*RouterGroup).createStaticHandler.func1 (5 handlers)
[GIN-debug] HEAD   /static/*filepath         --> github.com/gin-gonic/gin.(*RouterGroup).createStaticHandler.func1 (5 handlers)
[GIN-debug] GET    /favicon.ico              --> koperasi-simpan-pinjam/routes.SetupRouter.(*RouterGroup).StaticFile.func22 (5 handlers)
[GIN-debug] HEAD   /favicon.ico              --> koperasi-simpan-pinjam/routes.SetupRouter.(*RouterGroup).StaticFile.func22 (5 handlers)
[GIN-debug] [WARNING] Since SetHTMLTemplate() is NOT thread-safe. It should only be called
at initialization. ie. before any route is registered or the router is listening in a socket:

	router := gin.Default()
	router.SetHTMLTemplate(template) // << good place

[GIN-debug] GET    /                         --> koperasi-simpan-pinjam/controllers.ShowLoginPage (5 handlers)
[GIN-debug] GET    /login                    --> koperasi-simpan-pinjam/controllers.ShowLoginPage (5 handlers)
[GIN-debug] POST   /login                    --> koperasi-simpan-pinjam/controllers.Login (5 handlers)
[GIN-debug] GET    /register                 --> koperasi-simpan-pinjam/controllers.ShowRegisterPage (5 handlers)
[GIN-debug] POST   /register                 --> koperasi-simpan-pinjam/controllers.Register (5 handlers)
[GIN-debug] GET    /logout                   --> koperasi-simpan-pinjam/controllers.Logout (5 handlers)
[GIN-debug] POST   /logout                   --> koperasi-simpan-pinjam/controllers.Logout (5 handlers)
[GIN-debug] GET    /tentang/:slug            --> koperasi-simpan-pinjam/controllers.ShowTentang (5 handlers)
[GIN-debug] GET    /pelayanan/:slug          --> koperasi-simpan-pinjam/controllers.ShowHalaman (5 handlers)
[GIN-debug] GET    /riwayat                  --> koperasi-simpan-pinjam/routes.SetupRouter.func19 (5 handlers)
[GIN-debug] GET    /riwayat/riwayat          --> koperasi-simpan-pinjam/routes.SetupRouter.func20 (5 handlers)
[GIN-debug] GET    /hubungi-kami             --> koperasi-simpan-pinjam/controllers.ShowHubungiKami (5 handlers)
[GIN-debug] GET    /anggota/dashboard        --> koperasi-simpan-pinjam/controllers.AnggotaDashboard (6 handlers)
[GIN-debug] GET    /anggota/profil           --> koperasi-simpan-pinjam/controllers.AnggotaProfil (6 handlers)
[GIN-debug] GET    /anggota/pesan            --> koperasi-simpan-pinjam/controllers.AnggotaPesan (6 handlers)
[GIN-debug] GET    /anggota/ganti-password   --> koperasi-simpan-pinjam/controllers.GantiPassword (6 handlers)
[GIN-debug] POST   /anggota/ganti-password   --> koperasi-simpan-pinjam/controllers.GantiPasswordPost (6 handlers)
[GIN-debug] POST   /anggota/keluar           --> koperasi-simpan-pinjam/controllers.KeluarKoperasi (6 handlers)
[GIN-debug] GET    /anggota/ajukan-pinjaman  --> koperasi-simpan-pinjam/controllers.AjukanPinjaman (6 handlers)
[GIN-debug] POST   /anggota/ajukan-pinjaman  --> koperasi-simpan-pinjam/controllers.AjukanPinjamanPost (6 handlers)
[GIN-debug] GET    /anggota/simpanan         --> koperasi-simpan-pinjam/controllers.AnggotaSimpanan (6 handlers)
[GIN-debug] POST   /anggota/simpanan         --> koperasi-simpan-pinjam/controllers.AnggotaSimpananPost (6 handlers)
[GIN-debug] GET    /anggota/ajukan-pengambilan-simpanan --> koperasi-simpan-pinjam/controllers.AjukanPengambilanSimpanan (6 handlers)
[GIN-debug] POST   /anggota/ajukan-pengambilan-simpanan --> koperasi-simpan-pinjam/controllers.AjukanPengambilanSimpananPost (6 handlers)
[GIN-debug] GET    /anggota/angsuran         --> koperasi-simpan-pinjam/controllers.AnggotaAngsuran (6 handlers)
[GIN-debug] POST   /anggota/angsuran         --> koperasi-simpan-pinjam/controllers.AnggotaAngsuranPost (6 handlers)
[GIN-debug] GET    /anggota/sejarah          --> koperasi-simpan-pinjam/controllers.AnggotaSejarah (6 handlers)
[GIN-debug] GET    /anggota/visi-misi        --> koperasi-simpan-pinjam/controllers.AnggotaVisiMisi (6 handlers)
[GIN-debug] GET    /anggota/struktur         --> koperasi-simpan-pinjam/controllers.AnggotaStruktur (6 handlers)
[GIN-debug] GET    /anggota/riwayat          --> koperasi-simpan-pinjam/controllers.ShowRiwayatPage (6 handlers)
[GIN-debug] GET    /admin/dashboard          --> koperasi-simpan-pinjam/controllers.AdminDashboard (8 handlers)
[GIN-debug] GET    /admin/anggota            --> koperasi-simpan-pinjam/controllers.AdminDataAnggota (8 handlers)
[GIN-debug] GET    /admin/anggota/tambah     --> koperasi-simpan-pinjam/controllers.AdminTambahAnggotaForm (8 handlers)
[GIN-debug] POST   /admin/anggota/tambah     --> koperasi-simpan-pinjam/controllers.AdminTambahAnggotaPost (8 handlers)
[GIN-debug] POST   /admin/anggota/tambah/import --> koperasi-simpan-pinjam/controllers.AdminImportAnggotaExcel (8 handlers)
[GIN-debug] GET    /admin/anggota/:id        --> koperasi-simpan-pinjam/controllers.AdminViewAnggota (8 handlers)
[GIN-debug] GET    /admin/halaman/edit/:slug --> koperasi-simpan-pinjam/controllers.ShowEditHalamanForm (8 handlers)
[GIN-debug] POST   /admin/halaman/update/:slug --> koperasi-simpan-pinjam/controllers.UpdateHalaman (8 handlers)
[GIN-debug] POST   /admin/upload             --> koperasi-simpan-pinjam/controllers.UploadFile (8 handlers)
[GIN-debug] POST   /admin/upload/struktur    --> koperasi-simpan-pinjam/controllers.UploadStruktur (8 handlers)
[GIN-debug] POST   /admin/upload-kop         --> koperasi-simpan-pinjam/controllers.AdminUploadKop (8 handlers)
[GIN-debug] POST   /admin/upload-signature   --> koperasi-simpan-pinjam/controllers.AdminUploadSignature (8 handlers)
[GIN-debug] GET    /admin/tanda-tangan       --> koperasi-simpan-pinjam/controllers.AdminEditTandaTangan (8 handlers)
[GIN-debug] POST   /admin/tanda-tangan/nama  --> koperasi-simpan-pinjam/controllers.AdminUpdateSignatureNames (8 handlers)
[GIN-debug] GET    /admin/transaksi          --> koperasi-simpan-pinjam/controllers.AdminTransaksi (8 handlers)
[GIN-debug] POST   /admin/transaksi/simpanan --> koperasi-simpan-pinjam/controllers.CatatSimpanan (8 handlers)
[GIN-debug] POST   /admin/transaksi/pinjaman --> koperasi-simpan-pinjam/controllers.CatatPinjaman (8 handlers)
[GIN-debug] GET    /admin/riwayat            --> koperasi-simpan-pinjam/controllers.AdminRiwayat (8 handlers)
[GIN-debug] GET    /admin/riwayat-login      --> koperasi-simpan-pinjam/controllers.AdminKeamananLogin (8 handlers)
[GIN-debug] POST   /admin/login-history/delete/:id --> koperasi-simpan-pinjam/controllers.DeleteLoginHistory (8 handlers)
[GIN-debug] POST   /admin/login-history/delete-all --> koperasi-simpan-pinjam/controllers.DeleteAllLoginHistory (8 handlers)
[GIN-debug] GET    /admin/laporan            --> koperasi-simpan-pinjam/controllers.AdminLaporan (8 handlers)
[GIN-debug] GET    /admin/laporan/download   --> koperasi-simpan-pinjam/controllers.AdminDownloadLaporan (8 handlers)
[GIN-debug] GET    /admin/laporan/get-neraca --> koperasi-simpan-pinjam/controllers.AdminGetNeraca (8 handlers)
[GIN-debug] GET    /admin/tentang            --> koperasi-simpan-pinjam/controllers.AdminTentang (8 handlers)
[GIN-debug] GET    /admin/pengaturan         --> koperasi-simpan-pinjam/controllers.AdminPengaturan (8 handlers)
[GIN-debug] POST   /admin/pengaturan/wa-notif --> koperasi-simpan-pinjam/controllers.AdminSaveWAGatewayConfig (8 handlers)
[GIN-debug] POST   /admin/update-user        --> koperasi-simpan-pinjam/controllers.UpdateUser (8 handlers)
[GIN-debug] POST   /admin/update-anggota     --> koperasi-simpan-pinjam/controllers.UpdateAnggota (8 handlers)
[GIN-debug] GET    /admin/keamanan/login     --> koperasi-simpan-pinjam/controllers.AdminKeamananLogin (8 handlers)
[GIN-debug] GET    /admin/edit-logo          --> koperasi-simpan-pinjam/controllers.AdminLogo (8 handlers)
[GIN-debug] POST   /admin/upload-logo        --> koperasi-simpan-pinjam/controllers.UploadLogo (8 handlers)
[GIN-debug] GET    /admin/pesan              --> koperasi-simpan-pinjam/controllers.AdminPesan (8 handlers)
[GIN-debug] POST   /admin/update-profile     --> koperasi-simpan-pinjam/controllers.UpdateAdminProfile (8 handlers)
[GIN-debug] GET    /bendahara/dashboard      --> koperasi-simpan-pinjam/controllers.BendaharaDashboard (8 handlers)
[GIN-debug] GET    /bendahara/konfirmasi     --> koperasi-simpan-pinjam/controllers.BendaharaKonfirmasi (8 handlers)
[GIN-debug] POST   /bendahara/confirm/:id    --> koperasi-simpan-pinjam/controllers.BendaharaConfirmMembership (8 handlers)
[GIN-debug] POST   /bendahara/reject/:id     --> koperasi-simpan-pinjam/controllers.BendaharaRejectMembership (8 handlers)
[GIN-debug] GET    /bendahara/konfirmasi-transaksi --> koperasi-simpan-pinjam/controllers.BendaharaKonfirmasiTransaksi (8 handlers)
[GIN-debug] GET    /bendahara/lihat-detail-simpanan/:id --> koperasi-simpan-pinjam/controllers.BendaharaLihatDetailSimpanan (8 handlers)
[GIN-debug] GET    /bendahara/view-detail-simpanan/:id --> koperasi-simpan-pinjam/controllers.BendaharaViewDetailSimpanan (8 handlers)
[GIN-debug] GET    /bendahara/lihat-persyaratan-pinjaman/:id --> koperasi-simpan-pinjam/controllers.BendaharaLihatPersyaratanPinjaman (8 handlers)
[GIN-debug] GET    /bendahara/view-detail-pinjaman/:id --> koperasi-simpan-pinjam/controllers.BendaharaViewDetailPinjaman (8 handlers)
[GIN-debug] GET    /bendahara/detail-angsuran/:id --> koperasi-simpan-pinjam/controllers.BendaharaDetailAngsuran (8 handlers)
[GIN-debug] GET    /bendahara/view-detail-angsuran/:id --> koperasi-simpan-pinjam/controllers.BendaharaViewDetailAngsuran (8 handlers)
[GIN-debug] GET    /bendahara/anggota-angsuran/:id --> koperasi-simpan-pinjam/controllers.BendaharaLihatDetailAngsuran (8 handlers)
[GIN-debug] GET    /bendahara/detail-ajukan-pengambilan/:id --> koperasi-simpan-pinjam/controllers.BendaharaDetailAjukanPengambilan (8 handlers)
[GIN-debug] POST   /bendahara/konfirmasi-transaksi/:type/:id --> koperasi-simpan-pinjam/controllers.BendaharaKonfirmasiTransaksiPost (8 handlers)
[GIN-debug] GET    /bendahara/halaman/edit/:slug --> koperasi-simpan-pinjam/controllers.BendaharaShowEditHalamanForm (8 handlers)
[GIN-debug] POST   /bendahara/halaman/update/:slug --> koperasi-simpan-pinjam/controllers.BendaharaUpdateHalaman (8 handlers)
[GIN-debug] POST   /bendahara/upload         --> koperasi-simpan-pinjam/controllers.BendaharaUploadFile (8 handlers)
[GIN-debug] GET    /bendahara/transaksi      --> koperasi-simpan-pinjam/controllers.BendaharaTransaksi (8 handlers)
[GIN-debug] POST   /bendahara/transaksi/simpanan --> koperasi-simpan-pinjam/controllers.BendaharaCatatSimpanan (8 handlers)
[GIN-debug] POST   /bendahara/transaksi/pinjaman --> koperasi-simpan-pinjam/controllers.BendaharaCatatPinjaman (8 handlers)
[GIN-debug] GET    /bendahara/riwayat        --> koperasi-simpan-pinjam/controllers.BendaharaRiwayat (8 handlers)
[GIN-debug] GET    /bendahara/transaksi-anggota --> koperasi-simpan-pinjam/controllers.BendaharaTransaksiDataAnggota (8 handlers)
[GIN-debug] GET    /bendahara/tentang        --> koperasi-simpan-pinjam/controllers.BendaharaTentang (8 handlers)
[GIN-debug] GET    /bendahara/pengaturan     --> koperasi-simpan-pinjam/controllers.BendaharaPengaturan (8 handlers)
[GIN-debug] GET    /bendahara/anggota        --> koperasi-simpan-pinjam/controllers.BendaharaListAllAnggota (8 handlers)
[GIN-debug] GET    /bendahara/anggota/keluar --> koperasi-simpan-pinjam/controllers.BendaharaListAnggotaKeluar (8 handlers)
[GIN-debug] GET    /bendahara/anggota/keluar/view/:id --> koperasi-simpan-pinjam/controllers.BendaharaViewAnggotaKeluar (8 handlers)
[GIN-debug] GET    /bendahara/anggota/:id    --> koperasi-simpan-pinjam/controllers.BendaharaViewAnggota (8 handlers)
[GIN-debug] GET    /bendahara/anggota/edit/:id --> koperasi-simpan-pinjam/controllers.BendaharaEditAnggota (8 handlers)
[GIN-debug] POST   /bendahara/anggota/update/:id --> koperasi-simpan-pinjam/controllers.BendaharaUpdateAnggota (8 handlers)
[GIN-debug] POST   /bendahara/anggota/delete/:id --> koperasi-simpan-pinjam/controllers.BendaharaDeleteAnggota (8 handlers)
[GIN-debug] POST   /bendahara/update-profile --> koperasi-simpan-pinjam/controllers.UpdateBendaharaProfile (8 handlers)
[GIN-debug] GET    /bendahara/edit-rekening-register --> koperasi-simpan-pinjam/controllers.BendaharaEditRekeningRegister (8 handlers)
[GIN-debug] POST   /bendahara/edit-rekening-register --> koperasi-simpan-pinjam/controllers.BendaharaUpdateRekeningRegister (8 handlers)
[GIN-debug] GET    /bendahara/edit-bunga     --> koperasi-simpan-pinjam/controllers.BendaharaEditBunga (8 handlers)
[GIN-debug] POST   /bendahara/edit-bunga     --> koperasi-simpan-pinjam/controllers.BendaharaUpdateBunga (8 handlers)
[GIN-debug] GET    /bendahara/login-history  --> koperasi-simpan-pinjam/controllers.BendaharaLoginHistory (8 handlers)
[GIN-debug] POST   /bendahara/login-history/delete/:id --> koperasi-simpan-pinjam/controllers.BendaharaDeleteLoginHistory (8 handlers)
[GIN-debug] POST   /bendahara/login-history/delete-all --> koperasi-simpan-pinjam/controllers.BendaharaDeleteAllLoginHistory (8 handlers)
[GIN-debug] GET    /bendahara/import-anggota --> koperasi-simpan-pinjam/controllers.BendaharaImportAnggotaPage (8 handlers)
[GIN-debug] POST   /bendahara/import-anggota/preview --> koperasi-simpan-pinjam/controllers.BendaharaPreviewImportAnggota (8 handlers)
[GIN-debug] POST   /bendahara/import-anggota --> koperasi-simpan-pinjam/controllers.BendaharaImportAnggota (8 handlers)
[GIN-debug] PUT    /bendahara/import-anggota/update --> koperasi-simpan-pinjam/controllers.BendaharaUpdateImportData (8 handlers)
[GIN-debug] DELETE /bendahara/import-anggota/clear --> koperasi-simpan-pinjam/controllers.BendaharaClearImportHistory (8 handlers)
[GIN-debug] GET    /bendahara/setting-simpanan-wajib --> koperasi-simpan-pinjam/controllers.BendaharaSettingSimpananWajib (8 handlers)
[GIN-debug] POST   /bendahara/setting-simpanan-wajib --> koperasi-simpan-pinjam/controllers.BendaharaSaveSettingSimpananWajib (8 handlers)
[GIN-debug] POST   /bendahara/proses-simpanan-wajib --> koperasi-simpan-pinjam/controllers.BendaharaProsesSimpananWajib (8 handlers)
[GIN-debug] GET    /bendahara/cek-pemotongan-otomatis --> koperasi-simpan-pinjam/controllers.BendaharaCekDanProsesPemotonganOtomatis (8 handlers)
[GIN-debug] GET    /bendahara/pesan          --> koperasi-simpan-pinjam/controllers.BendaharaPesan (8 handlers)
[GIN-debug] POST   /bendahara/pesan          --> koperasi-simpan-pinjam/controllers.BendaharaPesan (8 handlers)
[GIN-debug] GET    /ketua/dashboard          --> koperasi-simpan-pinjam/controllers.KetuaDashboard (7 handlers)
[GIN-debug] GET    /ketua/ketua-dashboard    --> koperasi-simpan-pinjam/controllers.KetuaDashboard (7 handlers)
[GIN-debug] GET    /ketua/konfirmasi         --> koperasi-simpan-pinjam/controllers.KetuaKonfirmasiAnggota (7 handlers)
[GIN-debug] POST   /ketua/confirm/:id        --> koperasi-simpan-pinjam/controllers.KetuaConfirmMembership (7 handlers)
[GIN-debug] POST   /ketua/reject/:id         --> koperasi-simpan-pinjam/controllers.KetuaRejectMembership (7 handlers)
[GIN-debug] POST   /ketua/approve-keluar/:id --> koperasi-simpan-pinjam/controllers.KetuaApproveAnggotaKeluar (7 handlers)
[GIN-debug] POST   /ketua/reject-keluar/:id  --> koperasi-simpan-pinjam/controllers.KetuaRejectAnggotaKeluar (7 handlers)
[GIN-debug] GET    /ketua/konfirmasi-transaksi --> koperasi-simpan-pinjam/controllers.KetuaKonfirmasiTransaksi (7 handlers)
[GIN-debug] GET    /ketua/anggota            --> koperasi-simpan-pinjam/controllers.KetuaDataAnggota (7 handlers)
[GIN-debug] GET    /ketua/ketua-data-anggota --> koperasi-simpan-pinjam/controllers.KetuaDataAnggota (7 handlers)
[GIN-debug] GET    /ketua/anggota/:id        --> koperasi-simpan-pinjam/controllers.KetuaViewAnggota (7 handlers)
[GIN-debug] GET    /ketua/anggota/keluar     --> koperasi-simpan-pinjam/controllers.KetuaListAnggotaKeluar (7 handlers)
[GIN-debug] GET    /ketua/anggota/keluar/view/:id --> koperasi-simpan-pinjam/controllers.KetuaViewAnggotaKeluar (7 handlers)
[GIN-debug] GET    /ketua/ketua-riwayat-login --> koperasi-simpan-pinjam/controllers.KetuaRiwayat (7 handlers)
[GIN-debug] GET    /ketua/riwayat            --> koperasi-simpan-pinjam/controllers.KetuaRiwayat (7 handlers)
[GIN-debug] GET    /ketua/ketua-laporan      --> koperasi-simpan-pinjam/controllers.KetuaLaporan (7 handlers)
[GIN-debug] GET    /ketua/laporan            --> koperasi-simpan-pinjam/controllers.KetuaLaporan (7 handlers)
[GIN-debug] GET    /ketua/laporan/download   --> koperasi-simpan-pinjam/controllers.KetuaDownloadLaporan (7 handlers)
[GIN-debug] POST   /ketua/laporan/save-neraca --> koperasi-simpan-pinjam/controllers.KetuaSaveNeraca (7 handlers)
[GIN-debug] GET    /ketua/laporan/get-neraca --> koperasi-simpan-pinjam/controllers.KetuaGetNeraca (7 handlers)
[GIN-debug] GET    /ketua/ketua-pengaturan   --> koperasi-simpan-pinjam/controllers.KetuaPengaturan (7 handlers)
[GIN-debug] GET    /ketua/lihat-detail-simpanan/:id --> koperasi-simpan-pinjam/controllers.KetuaLihatDetailSimpanan (7 handlers)
[GIN-debug] GET    /ketua/lihat-persyaratan-pinjaman/:id --> koperasi-simpan-pinjam/controllers.KetuaLihatPersyaratanPinjaman (7 handlers)
[GIN-debug] GET    /ketua/detail-angsuran/:id --> koperasi-simpan-pinjam/controllers.KetuaDetailAngsuran (7 handlers)
[GIN-debug] GET    /ketua/detail-ajukan-pengambilan/:id --> koperasi-simpan-pinjam/controllers.KetuaDetailAjukanPengambilan (7 handlers)
[GIN-debug] POST   /ketua/konfirmasi-transaksi/:type/:id --> koperasi-simpan-pinjam/controllers.KetuaKonfirmasiTransaksiPost (7 handlers)
[GIN-debug] POST   /ketua/update-profile     --> koperasi-simpan-pinjam/controllers.UpdateKetuaProfile (7 handlers)
[GIN-debug] Listening and serving HTTP on :8081
[GIN] 2026/04/22 - 05:14:19 | 302 |            0s |             ::1 | GET      "/anggota/angsuran"
[GIN] 2026/04/22 - 05:14:20 | 200 |      5.4614ms |             ::1 | GET      "/login"
